Script started on 2025-10-21 11:14:33+00:00 [TERM="xterm-256color" TTY="/dev/pts/4" COLUMNS="120" LINES="30"]
[?2004h]0;root@eltex-practice2-pg2-v16: ~root@eltex-practice2-pg2-v16:~# git clone https://github.com/AnnaUzh/eltex_module1_practice1.git
[?2004lfatal: destination path 'eltex_module1_practice1' already exists and is not an empty directory.
[?2004h]0;root@eltex-practice2-pg2-v16: ~root@eltex-practice2-pg2-v16:~# mkdir eltex_module1_practice1_clode[K[Kne && cdd[K ~/[1@~[1@/[C[C[C[C[C[C[C[C[C[C[C[C[C[C[C[C[C[C[C[C[C[C[C[C[C[C[C[C[C[C[C[C[C[C[C[C[C[Celtex_module1_practice1
[?2004l[?2004h]0;root@eltex-practice2-pg2-v16: ~/eltex_module1_practice1root@eltex-practice2-pg2-v16:~/eltex_module1_practice1# mkdir ~/eltex_module1_practice1_clone && cd ~/eltex_module1_practice1[A]0;root@eltex-practice2-pg2-v16: ~/eltex_module1_practice1root@eltex-practice2-pg2-v16:~/eltex_module1_practice1# git clone https://github.com/AnnaUzh/eltex_module1_practice1.git [K[A[C[C[C[C[C[C[C[C[C[C[C[C[C[C[C[C[C[C[C[C[C[C[C[C[C[C[C[C[C[C[C[C[C[C[C[C[C[C[C[C[C[C[C[C[C[C[C[C[C[C[C[C[C[C[C[C[C[C[C[C[C[C[C[C[C[C[C[C[C[C[C[C[C[C[C[C[C[C[C[C[C[C[C[C[C[C[C[C[C[C[C[C[C[C[C[C[C[C[C[C[C[C[C[C[C[C[C[C[C[C[C[C[C[C[C[C[C[C[C[Kt
[?2004lCloning into 'eltex_module1_practice1'...
remote: Enumerating objects: 14, done.[K
remote: Counting objects:   7% (1/14)[Kremote: Counting objects:  14% (2/14)[Kremote: Counting objects:  21% (3/14)[Kremote: Counting objects:  28% (4/14)[Kremote: Counting objects:  35% (5/14)[Kremote: Counting objects:  42% (6/14)[Kremote: Counting objects:  50% (7/14)[Kremote: Counting objects:  57% (8/14)[Kremote: Counting objects:  64% (9/14)[Kremote: Counting objects:  71% (10/14)[Kremote: Counting objects:  78% (11/14)[Kremote: Counting objects:  85% (12/14)[Kremote: Counting objects:  92% (13/14)[Kremote: Counting objects: 100% (14/14)[Kremote: Counting objects: 100% (14/14), done.[K
remote: Compressing objects:   8% (1/12)[Kremote: Compressing objects:  16% (2/12)[Kremote: Compressing objects:  25% (3/12)[Kremote: Compressing objects:  33% (4/12)[Kremote: Compressing objects:  41% (5/12)[Kremote: Compressing objects:  50% (6/12)[Kremote: Compressing objects:  58% (7/12)[Kremote: Compressing objects:  66% (8/12)[Kremote: Compressing objects:  75% (9/12)[Kremote: Compressing objects:  83% (10/12)[Kremote: Compressing objects:  91% (11/12)[Kremote: Compressing objects: 100% (12/12)[Kremote: Compressing objects: 100% (12/12), done.[K
Receiving objects:   7% (1/14)Receiving objects:  14% (2/14)Receiving objects:  21% (3/14)Receiving objects:  28% (4/14)Receiving objects:  35% (5/14)Receiving objects:  42% (6/14)remote: Total 14 (delta 0), reused 10 (delta 0), pack-reused 0 (from 0)[K
Receiving objects:  50% (7/14), 1.17 MiB | 2.18 MiB/sReceiving objects:  57% (8/14), 1.17 MiB | 2.18 MiB/sReceiving objects:  64% (9/14), 1.17 MiB | 2.18 MiB/sReceiving objects:  71% (10/14), 1.17 MiB | 2.18 MiB/sReceiving objects:  78% (11/14), 1.17 MiB | 2.18 MiB/sReceiving objects:  85% (12/14), 1.17 MiB | 2.18 MiB/sReceiving objects:  92% (13/14), 1.17 MiB | 2.18 MiB/sReceiving objects: 100% (14/14), 1.17 MiB | 2.18 MiB/sReceiving objects: 100% (14/14), 1.21 MiB | 2.27 MiB/s, done.
[?2004h]0;root@eltex-practice2-pg2-v16: ~/eltex_module1_practice1root@eltex-practice2-pg2-v16:~/eltex_module1_practice1# [wd
[?2004lCommand '[wd' not found, did you mean:
  command 'pwd' from deb coreutils (9.4-3ubuntu6.1)
  command 'xwd' from deb x11-apps (7.7+11)
  command 'wd' from deb node-wikibase-cli (15.15.4-5ubuntu4)
Try: apt install <deb name>
[?2004h]0;root@eltex-practice2-pg2-v16: ~/eltex_module1_practice1root@eltex-practice2-pg2-v16:~/eltex_module1_practice1# pwd
[?2004l/root/eltex_module1_practice1
[?2004h]0;root@eltex-practice2-pg2-v16: ~/eltex_module1_practice1root@eltex-practice2-pg2-v16:~/eltex_module1_practice1# ls
[?2004l[0m[01;34meltex_module1_practice1[0m  [01;34mmodule1[0m  README.md
[?2004h]0;root@eltex-practice2-pg2-v16: ~/eltex_module1_practice1root@eltex-practice2-pg2-v16:~/eltex_module1_practice1# rm -rf eltex_module1_practice1/[K
[?2004l[?2004h]0;root@eltex-practice2-pg2-v16: ~/eltex_module1_practice1root@eltex-practice2-pg2-v16:~/eltex_module1_practice1# ls
[?2004l[0m[01;34mmodule1[0m  README.md
[?2004h]0;root@eltex-practice2-pg2-v16: ~/eltex_module1_practice1root@eltex-practice2-pg2-v16:~/eltex_module1_practice1# cd ..
[?2004l[?2004h]0;root@eltex-practice2-pg2-v16: ~root@eltex-practice2-pg2-v16:~# cd eltex_module1_practice1_clone/[K
[?2004l[?2004h]0;root@eltex-practice2-pg2-v16: ~/eltex_module1_practice1_cloneroot@eltex-practice2-pg2-v16:~/eltex_module1_practice1_clone# cd eltex_module1_practice1_clone..[K[3Plsrm -rf eltex_module1_practice1ls[Kcd ..eltex_module1_practice1_clone[Kcd eltex_module1_practice1_clone..[K[3Plsrm -rf eltex_module1_practice1ls[Kpwd[wdgit clone https://github.com/AnnaUzh/eltex_module1_practice1.git[A]0;root@eltex-practice2-pg2-v16: ~/eltex_module1_practice1_cloneroot@eltex-practice2-pg2-v16:~/eltex_module1_practice1_clone# mkdir ~/eltex_module1_practice1_clone && cd ~/eltex_module1_practice1[A]0;root@eltex-practice2-pg2-v16: ~/eltex_module1_practice1_cloneroot@eltex-practice2-pg2-v16:~/eltex_module1_practice1_clone# git clone https://github.com/AnnaUzh/eltex_module1_practice[5P1.git
[?2004lCloning into 'eltex_module1_practice1'...
remote: Enumerating objects: 14, done.[K
remote: Counting objects:   7% (1/14)[Kremote: Counting objects:  14% (2/14)[Kremote: Counting objects:  21% (3/14)[Kremote: Counting objects:  28% (4/14)[Kremote: Counting objects:  35% (5/14)[Kremote: Counting objects:  42% (6/14)[Kremote: Counting objects:  50% (7/14)[Kremote: Counting objects:  57% (8/14)[Kremote: Counting objects:  64% (9/14)[Kremote: Counting objects:  71% (10/14)[Kremote: Counting objects:  78% (11/14)[Kremote: Counting objects:  85% (12/14)[Kremote: Counting objects:  92% (13/14)[Kremote: Counting objects: 100% (14/14)[Kremote: Counting objects: 100% (14/14), done.[K
remote: Compressing objects:   8% (1/12)[Kremote: Compressing objects:  16% (2/12)[Kremote: Compressing objects:  25% (3/12)[Kremote: Compressing objects:  33% (4/12)[Kremote: Compressing objects:  41% (5/12)[Kremote: Compressing objects:  50% (6/12)[Kremote: Compressing objects:  58% (7/12)[Kremote: Compressing objects:  66% (8/12)[Kremote: Compressing objects:  75% (9/12)[Kremote: Compressing objects:  83% (10/12)[Kremote: Compressing objects:  91% (11/12)[Kremote: Compressing objects: 100% (12/12)[Kremote: Compressing objects: 100% (12/12), done.[K
Receiving objects:   7% (1/14)Receiving objects:  14% (2/14)Receiving objects:  21% (3/14)Receiving objects:  28% (4/14)Receiving objects:  35% (5/14)Receiving objects:  42% (6/14)Receiving objects:  50% (7/14)Receiving objects:  57% (8/14)remote: Total 14 (delta 0), reused 10 (delta 0), pack-reused 0 (from 0)[K
Receiving objects:  64% (9/14)Receiving objects:  71% (10/14)Receiving objects:  78% (11/14)Receiving objects:  85% (12/14)Receiving objects:  92% (13/14)Receiving objects: 100% (14/14)Receiving objects: 100% (14/14), 1.21 MiB | 2.46 MiB/s, done.
[?2004h]0;root@eltex-practice2-pg2-v16: ~/eltex_module1_practice1_cloneroot@eltex-practice2-pg2-v16:~/eltex_module1_practice1_clone# pwd
[?2004l/root/eltex_module1_practice1_clone
[?2004h]0;root@eltex-practice2-pg2-v16: ~/eltex_module1_practice1_cloneroot@eltex-practice2-pg2-v16:~/eltex_module1_practice1_clone# ls
[?2004l[0m[01;34meltex_module1_practice1[0m
[?2004h]0;root@eltex-practice2-pg2-v16: ~/eltex_module1_practice1_cloneroot@eltex-practice2-pg2-v16:~/eltex_module1_practice1_clone# cd eltex_module1_practice1/
[?2004l[?2004h]0;root@eltex-practice2-pg2-v16: ~/eltex_module1_practice1_clone/eltex_module1_practice1root@eltex-practice2-pg2-v16:~/eltex_module1_practice1_clone/eltex_module1_practice1# ls
[?2004l[0m[01;34mmodule1[0m  README.md
[?2004h]0;root@eltex-practice2-pg2-v16: ~/eltex_module1_practice1_clone/eltex_module1_practice1root@eltex-practice2-pg2-v16:~/eltex_module1_practice1_clone/eltex_module1_practice1# cd ../..
[?2004l[?2004h]0;root@eltex-practice2-pg2-v16: ~root@eltex-practice2-pg2-v16:~# pws[Kd
[?2004l/root
[?2004h]0;root@eltex-practice2-pg2-v16: ~root@eltex-practice2-pg2-v16:~# ls
[?2004l[0m[01;34meltex_module1_practice1[0m        [01;34metc_backup_gzip[0m                    practice2_eltex-pg2-v16_part2.log    [00;90mpunkt2_new.tmp[0m
[01;34meltex_module1_practice1_clone[0m  [01;31metc_backup_gzip.tar.gz[0m             practice2_eltex-pg2-v16_part3-2.log  [00;90mpunkt2.tmp[0m
[01;34metc_backup[0m                     [01;31metc_backup_updated.tar.gz[0m          practice2_eltex-pg2-v16_part3-3.log  [01;32mpunkt3.sh[0m
[01;34metc_backup_7zip[0m                [01;34metcc_backup_7zip[0m                   practice2_eltex-pg2-v16_part3.log    [01;32mpunkt7.sh[0m
[01;31metc_backup_7zip.7z[0m             [01;34mopt[0m                                practice2_pg2-v16_part1.log          [01;32musdmesg.sh[0m
[01;31metc_backup_bzip2.tar.bz2[0m       practice2_eltex-pg2-v16_part1.log  practice2_root_part1.log
[?2004h]0;root@eltex-practice2-pg2-v16: ~root@eltex-practice2-pg2-v16:~# cd eltex_module1_practice1
[?2004l[?2004h]0;root@eltex-practice2-pg2-v16: ~/eltex_module1_practice1root@eltex-practice2-pg2-v16:~/eltex_module1_practice1# ls
[?2004l[0m[01;34mmodule1[0m  README.md
[?2004h]0;root@eltex-practice2-pg2-v16: ~/eltex_module1_practice1root@eltex-practice2-pg2-v16:~/eltex_module1_practice1# echo "all eltex projects" >> README.md
[?2004l[?2004h]0;root@eltex-practice2-pg2-v16: ~/eltex_module1_practice1root@eltex-practice2-pg2-v16:~/eltex_module1_practice1# git add README.md 
[?2004l[?2004h]0;root@eltex-practice2-pg2-v16: ~/eltex_module1_practice1root@eltex-practice2-pg2-v16:~/eltex_module1_practice1# git commit -m "p11 change"
[?2004l[main d0a6554] p11 change
 1 file changed, 1 insertion(+)
[?2004h]0;root@eltex-practice2-pg2-v16: ~/eltex_module1_practice1root@eltex-practice2-pg2-v16:~/eltex_module1_practice1# git push origin n[Kmain
[?2004lTo https://github.com/AnnaUzh/eltex_module1_practice1.git
 [31m! [rejected]       [m main -> main (fetch first)
[31merror: failed to push some refs to 'https://github.com/AnnaUzh/eltex_module1_practice1.git'
[m[33mhint: Updates were rejected because the remote contains work that you do not[m
[33mhint: have locally. This is usually caused by another repository pushing to[m
[33mhint: the same ref. If you want to integrate the remote changes, use[m
[33mhint: 'git pull' before pushing again.[m
[33mhint: See the 'Note about fast-forwards' in 'git push --help' for details.[m
[?2004h]0;root@eltex-practice2-pg2-v16: ~/eltex_module1_practice1root@eltex-practice2-pg2-v16:~/eltex_module1_practice1# git push origin main[Kgit push origin main[C[1@-[1@u[1@ 
[?2004lTo https://github.com/AnnaUzh/eltex_module1_practice1.git
 [31m! [rejected]       [m main -> main (fetch first)
[31merror: failed to push some refs to 'https://github.com/AnnaUzh/eltex_module1_practice1.git'
[m[33mhint: Updates were rejected because the remote contains work that you do not[m
[33mhint: have locally. This is usually caused by another repository pushing to[m
[33mhint: the same ref. If you want to integrate the remote changes, use[m
[33mhint: 'git pull' before pushing again.[m
[33mhint: See the 'Note about fast-forwards' in 'git push --help' for details.[m
[?2004h]0;root@eltex-practice2-pg2-v16: ~/eltex_module1_practice1root@eltex-practice2-pg2-v16:~/eltex_module1_practice1# git fetch
[?2004lremote: Enumerating objects: 6, done.[K
remote: Counting objects:  16% (1/6)[Kremote: Counting objects:  33% (2/6)[Kremote: Counting objects:  50% (3/6)[Kremote: Counting objects:  66% (4/6)[Kremote: Counting objects:  83% (5/6)[Kremote: Counting objects: 100% (6/6)[Kremote: Counting objects: 100% (6/6), done.[K
remote: Compressing objects:  25% (1/4)[Kremote: Compressing objects:  50% (2/4)[Kremote: Compressing objects:  75% (3/4)[Kremote: Compressing objects: 100% (4/4)[Kremote: Compressing objects: 100% (4/4), done.[K
Unpacking objects:  25% (1/4)Unpacking objects:  50% (2/4)Unpacking objects:  75% (3/4)remote: Total 4 (delta 0), reused 0 (delta 0), pack-reused 0 (from 0)[K
Unpacking objects: 100% (4/4)Unpacking objects: 100% (4/4), 1.19 MiB | 2.47 MiB/s, done.
From https://github.com/AnnaUzh/eltex_module1_practice1
   913586e..54060e0  main       -> origin/main
[?2004h]0;root@eltex-practice2-pg2-v16: ~/eltex_module1_practice1root@eltex-practice2-pg2-v16:~/eltex_module1_practice1# git status
[?2004lOn branch main
Your branch and 'origin/main' have diverged,
and have 1 and 1 different commits each, respectively.
  (use "git pull" if you want to integrate the remote branch with yours)

nothing to commit, working tree clean
[?2004h]0;root@eltex-practice2-pg2-v16: ~/eltex_module1_practice1root@eltex-practice2-pg2-v16:~/eltex_module1_practice1# git status[1Pfetchpush -u origin main[3P[C[C[C[C[C[C[C[C[C[C[C
[?2004lTo https://github.com/AnnaUzh/eltex_module1_practice1.git
 [31m! [rejected]       [m main -> main (non-fast-forward)
[31merror: failed to push some refs to 'https://github.com/AnnaUzh/eltex_module1_practice1.git'
[m[33mhint: Updates were rejected because the tip of your current branch is behind[m
[33mhint: its remote counterpart. If you want to integrate the remote changes,[m
[33mhint: use 'git pull' before pushing again.[m
[33mhint: See the 'Note about fast-forwards' in 'git push --help' for details.[m
[?2004h]0;root@eltex-practice2-pg2-v16: ~/eltex_module1_practice1root@eltex-practice2-pg2-v16:~/eltex_module1_practice1# git pull
[?2004l[33mhint: You have divergent branches and need to specify how to reconcile them.[m
[33mhint: You can do so by running one of the following commands sometime before[m
[33mhint: your next pull:[m
[33mhint: [m
[33mhint:   git config pull.rebase false  # merge[m
[33mhint:   git config pull.rebase true   # rebase[m
[33mhint:   git config pull.ff only       # fast-forward only[m
[33mhint: [m
[33mhint: You can replace "git config" with "git config --global" to set a default[m
[33mhint: preference for all repositories. You can also pass --rebase, --no-rebase,[m
[33mhint: or --ff-only on the command line to override the configured default per[m
[33mhint: invocation.[m
fatal: Need to specify how to reconcile divergent branches.
[?2004h]0;root@eltex-practice2-pg2-v16: ~/eltex_module1_practice1root@eltex-practice2-pg2-v16:~/eltex_module1_practice1# git pullsh origin mainll[K[Kgit merge
[?2004lhint: Waiting for your editor to close the file... [?2004h[?1049h[22;0;0t[1;30r(B[m[4l[?7h[39;49m[?1h=[?1h=[?25l[39;49m(B[m[H[2J[28;54H(B[0;7m[ Reading... ](B[m[28;53H(B[0;7m[ Read 6 lines ](B[m[H(B[0;7m  GNU nano 7.2                          /root/eltex_module1_practice1/.git/MERGE_MSG                                    [1;119H(B[m[29d(B[0;7m^G(B[m Help[29;16H(B[0;7m^O(B[m Write Out   (B[0;7m^W(B[m Where Is    (B[0;7m^K(B[m Cut[29;61H(B[0;7m^T(B[m Execute     (B[0;7m^C(B[m Location    (B[0;7mM-U(B[m Undo[106G(B[0;7mM-A(B[m Set Mark[30d(B[0;7m^X(B[m Exit[30;16H(B[0;7m^R(B[m Read File   (B[0;7m^\(B[m Replace     (B[0;7m^U(B[m Paste[61G(B[0;7m^J(B[m Justify     (B[0;7m^/(B[m Go To Line  (B[0;7mM-E(B[m Redo[106G(B[0;7mM-6(B[m Copy[2dMerge remote-tracking branch 'refs/remotes/origin/main'[3d[36m# Please enter a commit message to explain why this merge is necessary,[4d# especially if it merges an updated upstream into a topic branch.[5d#[6d# Lines starting with '#' will be ignored, and an empty message aborts[7d# the commit.[2d[39m(B[m[?12l[?25h[?25l[28d[J[30d[?12l[?25h[30;1H[?1049l[23;0;0t[?1l>[?2004l[KMerge made by the 'ort' strategy.
 module1/eltex_practice1.pdf | Bin [31m0[m -> [32m1502919[m bytes
 1 file changed, 0 insertions(+), 0 deletions(-)
 create mode 100644 module1/eltex_practice1.pdf
[?2004h]0;root@eltex-practice2-pg2-v16: ~/eltex_module1_practice1root@eltex-practice2-pg2-v16:~/eltex_module1_practice1# git log origin/main
[?2004l[?1h=[33mcommit 54060e0c50a420a6b94c2b720117ddac50e5f031[m[33m ([m[1;31morigin/main[m[33m)[m[m
Author: AnnaUzh <anytik0509@gmail.com>[m
Date:   Tue Oct 21 18:13:23 2025 +0700[m
[m
    Add files via upload[m
[m
[33mcommit 913586e54d17f1b1097eca9f8c3e112f2d16c307[m[m
Author: AnnaUzh <anytik0509@gmail.con>[m
Date:   Tue Oct 21 11:10:40 2025 +0000[m
[m
    meow[m
[m
[33mcommit 2c15c93f1fa59a8457ed76e44d53983ae74156c2[m[m
Author: AnnaUzh <anytik0509@gmail.con>[m
Date:   Tue Oct 21 08:30:18 2025 +0000[m
[m
    first commit[m
[K[?1l>[?2004h]0;root@eltex-practice2-pg2-v16: ~/eltex_module1_practice1root@eltex-practice2-pg2-v16:~/eltex_module1_practice1# git diff main origin/ main\main[1Pmain[1Pmain
[?2004l[?1h=[1mdiff --git a/README.md b/README.md[m[m
[1mindex 712c028..3012be4 100644[m[m
[1m--- a/README.md[m[m
[1m+++ b/README.md[m[m
[36m@@ -1,2 +1 @@[m[m
 #first practice in eltex[m[m
[31m-all eltex projects[m[m
[K[?1l>[?2004h]0;root@eltex-practice2-pg2-v16: ~/eltex_module1_practice1root@eltex-practice2-pg2-v16:~/eltex_module1_practice1# git merge
[?2004lAlready up to date.
[?2004h]0;root@eltex-practice2-pg2-v16: ~/eltex_module1_practice1root@eltex-practice2-pg2-v16:~/eltex_module1_practice1# git t[Kpush[K[K[K[Kstatus
[?2004lOn branch main
Your branch is ahead of 'origin/main' by 2 commits.
  (use "git push" to publish your local commits)

nothing to commit, working tree clean
[?2004h]0;root@eltex-practice2-pg2-v16: ~/eltex_module1_practice1root@eltex-practice2-pg2-v16:~/eltex_module1_practice1# 
[?2004l[?2004h]0;root@eltex-practice2-pg2-v16: ~/eltex_module1_practice1root@eltex-practice2-pg2-v16:~/eltex_module1_practice1# git push
[?2004lEnumerating objects: 9, done.
Counting objects:  12% (1/8)Counting objects:  25% (2/8)Counting objects:  37% (3/8)Counting objects:  50% (4/8)Counting objects:  62% (5/8)Counting objects:  75% (6/8)Counting objects:  87% (7/8)Counting objects: 100% (8/8)Counting objects: 100% (8/8), done.
Delta compression using up to 2 threads
Compressing objects:  25% (1/4)Compressing objects:  50% (2/4)Compressing objects:  75% (3/4)Compressing objects: 100% (4/4)Compressing objects: 100% (4/4), done.
Writing objects:  20% (1/5)Writing objects:  40% (2/5)Writing objects:  60% (3/5)Writing objects:  80% (4/5)Writing objects: 100% (5/5)Writing objects: 100% (5/5), 609 bytes | 609.00 KiB/s, done.
Total 5 (delta 0), reused 0 (delta 0), pack-reused 0
To https://github.com/AnnaUzh/eltex_module1_practice1.git
   54060e0..c71f5b0  main -> main
[?2004h]0;root@eltex-practice2-pg2-v16: ~/eltex_module1_practice1root@eltex-practice2-pg2-v16:~/eltex_module1_practice1# git [K[K[K[Kcat README.md 
[?2004l#first practice in eltex
all eltex projects
[?2004h]0;root@eltex-practice2-pg2-v16: ~/eltex_module1_practice1root@eltex-practice2-pg2-v16:~/eltex_module1_practice1# git add README.md 
[?2004l[?2004h]0;root@eltex-practice2-pg2-v16: ~/eltex_module1_practice1root@eltex-practice2-pg2-v16:~/eltex_module1_practice1# git commit -m "re[K[Kp11 changes"
[?2004lOn branch main
Your branch is up to date with 'origin/main'.

nothing to commit, working tree clean
[?2004h]0;root@eltex-practice2-pg2-v16: ~/eltex_module1_practice1root@eltex-practice2-pg2-v16:~/eltex_module1_practice1# git sy[Ktatus
[?2004lOn branch main
Your branch is up to date with 'origin/main'.

nothing to commit, working tree clean
[?2004h]0;root@eltex-practice2-pg2-v16: ~/eltex_module1_practice1root@eltex-practice2-pg2-v16:~/eltex_module1_practice1# git push origin main
[?2004lEverything up-to-date
[?2004h]0;root@eltex-practice2-pg2-v16: ~/eltex_module1_practice1root@eltex-practice2-pg2-v16:~/eltex_module1_practice1# git push origin main[10Pstatuscommit -m "p11 changes"[9Padd README.md 
[?2004l[?2004h]0;root@eltex-practice2-pg2-v16: ~/eltex_module1_practice1root@eltex-practice2-pg2-v16:~/eltex_module1_practice1# git status
[?2004lOn branch main
Your branch is up to date with 'origin/main'.

nothing to commit, working tree clean
[?2004h]0;root@eltex-practice2-pg2-v16: ~/eltex_module1_practice1root@eltex-practice2-pg2-v16:~/eltex_module1_practice1# echo "oaoaoao[K[K[K[K[K[K[Kc[K11 [K[K[K/[K." >> README.md 
[?2004l[?2004h]0;root@eltex-practice2-pg2-v16: ~/eltex_module1_practice1root@eltex-practice2-pg2-v16:~/eltex_module1_practice1# git add R[K[K[K[K[K[K[K[K[Kcat README.md 
[?2004l#first practice in eltex
all eltex projects
.
[?2004h]0;root@eltex-practice2-pg2-v16: ~/eltex_module1_practice1root@eltex-practice2-pg2-v16:~/eltex_module1_practice1# gita[K add README.md 
[?2004l[?2004h]0;root@eltex-practice2-pg2-v16: ~/eltex_module1_practice1root@eltex-practice2-pg2-v16:~/eltex_module1_practice1# git status
[?2004lOn branch main
Your branch is up to date with 'origin/main'.

Changes to be committed:
  (use "git restore --staged <file>..." to unstage)
	[32mmodified:   README.md[m

[?2004h]0;root@eltex-practice2-pg2-v16: ~/eltex_module1_practice1root@eltex-practice2-pg2-v16:~/eltex_module1_practice1# git statusadd README.md [4Pcat[C[C[C[C[C[C[C[C[C[C[C[8@echo "." >>[C[C[C[C[C[C[C[C[C[C[C[12Pgit statusadd README.md push origin main[10Pstatuscommit -m "p11 changes"
[?2004l[main 47e9707] p11 changes
 1 file changed, 1 insertion(+)
[?2004h]0;root@eltex-practice2-pg2-v16: ~/eltex_module1_practice1root@eltex-practice2-pg2-v16:~/eltex_module1_practice1# git commit -m "p11 changes"status[Kadd README.md [4Pcat[C[C[C[C[C[C[C[C[C[C[C[8@echo "." >>[C[C[C[C[C[C[C[C[C[C[C[12Pgit statusadd README.md push origin main
[?2004lEnumerating objects: 5, done.
Counting objects:  20% (1/5)Counting objects:  40% (2/5)Counting objects:  60% (3/5)Counting objects:  80% (4/5)Counting objects: 100% (5/5)Counting objects: 100% (5/5), done.
Delta compression using up to 2 threads
Compressing objects:  50% (1/2)Compressing objects: 100% (2/2)Compressing objects: 100% (2/2), done.
Writing objects:  33% (1/3)Writing objects:  66% (2/3)Writing objects: 100% (3/3)Writing objects: 100% (3/3), 317 bytes | 317.00 KiB/s, done.
Total 3 (delta 0), reused 0 (delta 0), pack-reused 0
To https://github.com/AnnaUzh/eltex_module1_practice1.git
   c71f5b0..47e9707  main -> main
[?2004h]0;root@eltex-practice2-pg2-v16: ~/eltex_module1_practice1root@eltex-practice2-pg2-v16:~/eltex_module1_practice1# cd ..
[?2004l[?2004h]0;root@eltex-practice2-pg2-v16: ~root@eltex-practice2-pg2-v16:~# cd eltex_module1_practice1_clone/
[?2004l[?2004h]0;root@eltex-practice2-pg2-v16: ~/eltex_module1_practice1_cloneroot@eltex-practice2-pg2-v16:~/eltex_module1_practice1_clone# ls
[?2004l[0m[01;34meltex_module1_practice1[0m
[?2004h]0;root@eltex-practice2-pg2-v16: ~/eltex_module1_practice1_cloneroot@eltex-practice2-pg2-v16:~/eltex_module1_practice1_clone# cd eltex_module1_practice1/
[?2004l[?2004h]0;root@eltex-practice2-pg2-v16: ~/eltex_module1_practice1_clone/eltex_module1_practice1root@eltex-practice2-pg2-v16:~/eltex_module1_practice1_clone/eltex_module1_practice1# git fetch
[?2004lremote: Enumerating objects: 12, done.[K
remote: Counting objects:   9% (1/11)[Kremote: Counting objects:  18% (2/11)[Kremote: Counting objects:  27% (3/11)[Kremote: Counting objects:  36% (4/11)[Kremote: Counting objects:  45% (5/11)[Kremote: Counting objects:  54% (6/11)[Kremote: Counting objects:  63% (7/11)[Kremote: Counting objects:  72% (8/11)[Kremote: Counting objects:  81% (9/11)[Kremote: Counting objects:  90% (10/11)[Kremote: Counting objects: 100% (11/11)[Kremote: Counting objects: 100% (11/11), done.[K
remote: Compressing objects:  16% (1/6)[Kremote: Compressing objects:  33% (2/6)[Kremote: Compressing objects:  50% (3/6)[Kremote: Compressing objects:  66% (4/6)[Kremote: Compressing objects:  83% (5/6)[Kremote: Compressing objects: 100% (6/6)[Kremote: Compressing objects: 100% (6/6), done.[K
remote: Total 8 (delta 0), reused 8 (delta 0), pack-reused 0 (from 0)[K
Unpacking objects:  12% (1/8)Unpacking objects:  25% (2/8)Unpacking objects:  37% (3/8)Unpacking objects:  50% (4/8)Unpacking objects:  62% (5/8)Unpacking objects:  75% (6/8)Unpacking objects:  87% (7/8)Unpacking objects: 100% (8/8)Unpacking objects: 100% (8/8), 874 bytes | 874.00 KiB/s, done.
From https://github.com/AnnaUzh/eltex_module1_practice1
   54060e0..47e9707  main       -> origin/main
[?2004h]0;root@eltex-practice2-pg2-v16: ~/eltex_module1_practice1_clone/eltex_module1_practice1root@eltex-practice2-pg2-v16:~/eltex_module1_practice1_clone/eltex_module1_practice1# git log origin/main
[?2004l[?1h=[33mcommit 47e9707c6179f86bcacf892985f1681ec1e98600[m[33m ([m[1;31morigin/main[m[33m, [m[1;31morigin/HEAD[m[33m)[m[m
Author: AnnaUzh <anytik0509@gmail.con>[m
Date:   Tue Oct 21 11:30:13 2025 +0000[m
[m
    p11 changes[m
[m
[33mcommit c71f5b0e42ba715eebd70b1800f346d5b4747a4f[m[m
Merge: d0a6554 54060e0[m
Author: AnnaUzh <anytik0509@gmail.con>[m
Date:   Tue Oct 21 11:22:42 2025 +0000[m
[m
    Merge remote-tracking branch 'refs/remotes/origin/main'[m
[m
[33mcommit d0a65541b1a55855c733c906bdd83cdfd07b3caa[m[m
Author: AnnaUzh <anytik0509@gmail.con>[m
Date:   Tue Oct 21 11:20:12 2025 +0000[m
[m
    p11 change[m
[m
[33mcommit 54060e0c50a420a6b94c2b720117ddac50e5f031[m[33m ([m[1;36mHEAD[m[33m -> [m[1;32mmain[m[33m)[m[m
Author: AnnaUzh <anytik0509@gmail.com>[m
Date:   Tue Oct 21 18:13:23 2025 +0700[m
[m
    Add files via upload[m
[m
[33mcommit 913586e54d17f1b1097eca9f8c3e112f2d16c307[m[m
Author: AnnaUzh <anytik0509@gmail.con>[m
Date:   Tue Oct 21 11:10:40 2025 +0000[m
[m
:[K[K    meow[m
:[K[K[m
:[K[K[33mcommit 2c15c93f1fa59a8457ed76e44d53983ae74156c2[m[m
:[K[KAuthor: AnnaUzh <anytik0509@gmail.con>[m
:[K[KDate:   Tue Oct 21 08:30:18 2025 +0000[m
:[K[K[m
:[K[K    first commit[m
:[K[K[K[7m(END)[27m[K[K[K[7m(END)[27m[K[K[K[7m(END)[27m[K[K[K[7m(END)[27m[K[K[K[7m(END)[27m[K[K[K[7m(END)[27m[K[K[K[7m(END)[27m[K[K[K[7m(END)[27m[K[K[K[7m(END)[27m[K[K[K[7m(END)[27m[K[K[K[7m(END)[27m[K[K[K[7m(END)[27m[K[K[K[7m(END)[27m[K[K[K[7m(END)[27m[K[K[K[7m(END)[27m[K[K[K[7m(END)[27m[K[K[K[7m(END)[27m[K[K [KESCESC[KOO[KBB[K[K[7m(END)[27m[K[K[?1l>
[1]+  Stopped                 git log origin/main
[?2004h]0;root@eltex-practice2-pg2-v16: ~/eltex_module1_practice1_clone/eltex_module1_practice1root@eltex-practice2-pg2-v16:~/eltex_module1_practice1_clone/eltex_module1_practice1# git diff main origin/main
[?2004l[?1h=[1mdiff --git a/README.md b/README.md[m[m
[1mindex 3012be4..7c1ac1d 100644[m[m
[1m--- a/README.md[m[m
[1m+++ b/README.md[m[m
[36m@@ -1 +1,3 @@[m[m
 #first practice in eltex[m[m
[32m+[m[32mall eltex projects[m[m
[32m+[m[32m.[m[m
[K[?1l>[?2004h]0;root@eltex-practice2-pg2-v16: ~/eltex_module1_practice1_clone/eltex_module1_practice1root@eltex-practice2-pg2-v16:~/eltex_module1_practice1_clone/eltex_module1_practice1# git merge
[?2004lUpdating 54060e0..47e9707
Fast-forward
 README.md | 2 [32m++[m
 1 file changed, 2 insertions(+)
[?2004h]0;root@eltex-practice2-pg2-v16: ~/eltex_module1_practice1_clone/eltex_module1_practice1root@eltex-practice2-pg2-v16:~/eltex_module1_practice1_clone/eltex_module1_practice1# ды[K[Kls~/ ~/
[?2004l[0m[01;34meltex_module1_practice1[0m        [01;34metc_backup_gzip[0m                    practice2_eltex-pg2-v16_part2.log    [00;90mpunkt2_new.tmp[0m
[01;34meltex_module1_practice1_clone[0m  [01;31metc_backup_gzip.tar.gz[0m             practice2_eltex-pg2-v16_part3-2.log  [00;90mpunkt2.tmp[0m
[01;34metc_backup[0m                     [01;31metc_backup_updated.tar.gz[0m          practice2_eltex-pg2-v16_part3-3.log  [01;32mpunkt3.sh[0m
[01;34metc_backup_7zip[0m                [01;34metcc_backup_7zip[0m                   practice2_eltex-pg2-v16_part3.log    [01;32mpunkt7.sh[0m
[01;31metc_backup_7zip.7z[0m             [01;34mopt[0m                                practice2_pg2-v16_part1.log          [01;32musdmesg.sh[0m
[01;31metc_backup_bzip2.tar.bz2[0m       practice2_eltex-pg2-v16_part1.log  practice2_root_part1.log
[?2004h]0;root@eltex-practice2-pg2-v16: ~/eltex_module1_practice1_clone/eltex_module1_practice1root@eltex-practice2-pg2-v16:~/eltex_module1_practice1_clone/eltex_module1_practice1# mv ~/[K[K[K[K[Kmkdir mo[K[Kmodule2/task1
[?2004lmkdir: cannot create directory ‘module2/task1’: No such file or directory
[?2004h]0;root@eltex-practice2-pg2-v16: ~/eltex_module1_practice1_clone/eltex_module1_practice1root@eltex-practice2-pg2-v16:~/eltex_module1_practice1_clone/eltex_module1_practice1# mkdir module2/task1[C[C module2/task1- module2/task1p module2/task1[C module2/task1[1Pmodule2/task1
[?2004l[?2004h]0;root@eltex-practice2-pg2-v16: ~/eltex_module1_practice1_clone/eltex_module1_practice1root@eltex-practice2-pg2-v16:~/eltex_module1_practice1_clone/eltex_module1_practice1# mkdir -p module2/task1[1Pmodule2/task1[1Pmodule2/task1[1Pmodule2/task1[C[C[C[C[C[C[C[C[C[C[C[C[C[K2
[?2004l[?2004h]0;root@eltex-practice2-pg2-v16: ~/eltex_module1_practice1_clone/eltex_module1_practice1root@eltex-practice2-pg2-v16:~/eltex_module1_practice1_clone/eltex_module1_practice1# mkdir module2/task2[K3
[?2004l[?2004h]0;root@eltex-practice2-pg2-v16: ~/eltex_module1_practice1_clone/eltex_module1_practice1root@eltex-practice2-pg2-v16:~/eltex_module1_practice1_clone/eltex_module1_practice1# mv ~/practice2_eltex-pg2-v16_part1 [K[A[K]0;root@eltex-practice2-pg2-v16: ~/eltex_module1_practice1_clone/eltex_module1_practice1root@eltex-practice2-pg2-v16:~/eltex_module1_practice1_clone/eltex_module1_practice1# mv ~/practice2_eltex-pg2-v16_part1[K]0;root@eltex-practice2-pg2-v16: ~/eltex_module1_practice1_clone/eltex_module1_practice1root@eltex-practice2-pg2-v16:~/eltex_module1_practice1_clone/eltex_module1_practice1# mv ~/practice2_eltex-pg2-v16_part1[K]0;root@eltex-practice2-pg2-v16: ~/eltex_module1_practice1_clone/eltex_module1_practice1root@eltex-practice2-pg2-v16:~/eltex_module1_practice1_clone/eltex_module1_practice1# mv ~/practice2_eltex-pg2-v16_part1[K]0;root@eltex-practice2-pg2-v16: ~/eltex_module1_practice1_clone/eltex_module1_practice1root@eltex-practice2-pg2-v16:~/eltex_module1_practice1_clone/eltex_module1_practice1# mv ~/practice2_eltex-pg2-v16_part1.log ~ /eltex_module1_practice1_clone/eltex_module1_practice1/module2/task1/[K
[?2004l[?2004h]0;root@eltex-practice2-pg2-v16: ~/eltex_module1_practice1_clone/eltex_module1_practice1root@eltex-practice2-pg2-v16:~/eltex_module1_practice1_clone/eltex_module1_practice1# mv ~/practice2_eltex-pg2-v16_part1.log ~/eltex_module1_practice1_clone/eltex_module1_practice1/module2/task1[A[C[C[C[C[C[C[C[C[C[C[C[C[C[C[C[C[C[C[C[C[C[C[C[C[C[C[C[C[C[C[C[C[C[C[C[C[C[C[C[C[C[C[C[C[C[C[C[C[C[C[C[C[C[C[C[C[C[C[C[C[C[C[C[C[C[C[C[C[C[C[C[C[C[C[C[C[C[C[C[C[C[C[C[C[C[C[C[C[C[C[C[C[C[C[C[C[C[C[C[C[C[C[C[C[C[C[C[C[C[C[C[C[C[C[C[C[C[C[C[C[C[C[C[C[C[C[C[C[C[C[C[C[C[C[C[C[C[C[C[C[C[C[C[C[C[C[C[C[C[C[C_part1.log ~/e[1Pltex_module1_practice1_clone/eltex_module1_practice1/module2/task1[A]0;root@eltex-practice2-pg2-v16: ~/eltex_module1_practice1_clone/eltex_module1_practice1root@eltex-practice2-pg2-v16:~/eltex_module1_practice1_clone/eltex_module1_practice1# [C[C[C[C[C[C[C[C[C[C[C[C[C[C[C[C[C[C[C[C[C[C[C[C[C[C[C_part1.log ~/el[1Ptex_module1_practice1_clone/eltex_module1_practice1/module2/task1[A]0;root@eltex-practice2-pg2-v16: ~/eltex_module1_practice1_clone/eltex_module1_practice1root@eltex-practice2-pg2-v16:~/eltex_module1_practice1_clone/eltex_module1_practice1# [C[C[C[C[C[C[C[C[C[C[C[C[C[C[C[C[C[C[C[C[C[C[C[C[C[C_part1.log ~/elt[1Pex_module1_practice1_clone/eltex_module1_practice1/module2/task1[A]0;root@eltex-practice2-pg2-v16: ~/eltex_module1_practice1_clone/eltex_module1_practice1root@eltex-practice2-pg2-v16:~/eltex_module1_practice1_clone/eltex_module1_practice1# [C[C[C[C[C[C[C[C[C[C[C[C[C[C[C[C[C[C[C[C[C[C[C[C[C_part1.log ~/elte[1Px_module1_practice1_clone/eltex_module1_practice1/module2/task1[A]0;root@eltex-practice2-pg2-v16: ~/eltex_module1_practice1_clone/eltex_module1_practice1root@eltex-practice2-pg2-v16:~/eltex_module1_practice1_clone/eltex_module1_practice1# [C[C[C[C[C[C[C[C[C[C[C[C[C[C[C[C[C[C[C[C[C[C[C[C_part1.log ~/eltex[1P_module1_practice1_clone/eltex_module1_practice1/module2/task1[A]0;root@eltex-practice2-pg2-v16: ~/eltex_module1_practice1_clone/eltex_module1_practice1root@eltex-practice2-pg2-v16:~/eltex_module1_practice1_clone/eltex_module1_practice1# [C[C[C[C[C[C[C[C[C[C[C[C[C[C[C[C[C[C[C[C[C[C[C_part1.log ~/eltex_[1Pmodule1_practice1_clone/eltex_module1_practice1/module2/task1[A]0;root@eltex-practice2-pg2-v16: ~/eltex_module1_practice1_clone/eltex_module1_practice1root@eltex-practice2-pg2-v16:~/eltex_module1_practice1_clone/eltex_module1_practice1# [C[C[C[C[C[C[C[C[C[C[C[C[C[C[C[C[C[C[C[C[C[C_part1.log ~/eltex_m[1Podule1_practice1_clone/eltex_module1_practice1/module2/task1[A]0;root@eltex-practice2-pg2-v16: ~/eltex_module1_practice1_clone/eltex_module1_practice1root@eltex-practice2-pg2-v16:~/eltex_module1_practice1_clone/eltex_module1_practice1# [C[C[C[C[C[C[C[C[C[C[C[C[C[C[C[C[C[C[C[C[C_part1.log ~/eltex_mo[1Pdule1_practice1_clone/eltex_module1_practice1/module2/task1[A]0;root@eltex-practice2-pg2-v16: ~/eltex_module1_practice1_clone/eltex_module1_practice1root@eltex-practice2-pg2-v16:~/eltex_module1_practice1_clone/eltex_module1_practice1# [C[C[C[C[C[C[C[C[C[C[C[C[C[C[C[C[C[C[C[C_part1.log ~/eltex_mod[1Pule1_practice1_clone/eltex_module1_practice1/module2/task1[A]0;root@eltex-practice2-pg2-v16: ~/eltex_module1_practice1_clone/eltex_module1_practice1root@eltex-practice2-pg2-v16:~/eltex_module1_practice1_clone/eltex_module1_practice1# [C[C[C[C[C[C[C[C[C[C[C[C[C[C[C[C[C[C[C_part1.log ~/eltex_modu[1Ple1_practice1_clone/eltex_module1_practice1/module2/task1[A]0;root@eltex-practice2-pg2-v16: ~/eltex_module1_practice1_clone/eltex_module1_practice1root@eltex-practice2-pg2-v16:~/eltex_module1_practice1_clone/eltex_module1_practice1# [C[C[C[C[C[C[C[C[C[C[C[C[C[C[C[C[C[C_part1.log ~/eltex_modul[1Pe1_practice1_clone/eltex_module1_practice1/module2/task1[A]0;root@eltex-practice2-pg2-v16: ~/eltex_module1_practice1_clone/eltex_module1_practice1root@eltex-practice2-pg2-v16:~/eltex_module1_practice1_clone/eltex_module1_practice1# [C[C[C[C[C[C[C[C[C[C[C[C[C[C[C[C[C_part1.log ~/eltex_module[1P1_practice1_clone/eltex_module1_practice1/module2/task1[A]0;root@eltex-practice2-pg2-v16: ~/eltex_module1_practice1_clone/eltex_module1_practice1root@eltex-practice2-pg2-v16:~/eltex_module1_practice1_clone/eltex_module1_practice1# [C[C[C[C[C[C[C[C[C[C[C[C[C[C[C[C_part1.log ~/eltex_module1[1P_practice1_clone/eltex_module1_practice1/module2/task1[A]0;root@eltex-practice2-pg2-v16: ~/eltex_module1_practice1_clone/eltex_module1_practice1root@eltex-practice2-pg2-v16:~/eltex_module1_practice1_clone/eltex_module1_practice1# [C[C[C[C[C[C[C[C[C[C[C[C[C[C[Cr_part1.log ~/eltex_module1_practice1_clone/eltex_module1_practice1/module2/task1[A]0;root@eltex-practice2-pg2-v16: ~/eltex_module1_practice1_clone/eltex_module1_practice1root@eltex-practice2-pg2-v16:~/eltex_module1_practice1_clone/eltex_module1_practice1# [C[C[C[C[C[C[C[C[C[C[C[C[C[C[C[Co_part1.log ~/eltex_module1_practice1_clone/eltex_module1_practice1/module2/task1[A]0;root@eltex-practice2-pg2-v16: ~/eltex_module1_practice1_clone/eltex_module1_practice1root@eltex-practice2-pg2-v16:~/eltex_module1_practice1_clone/eltex_module1_practice1# [C[C[C[C[C[C[C[C[C[C[C[C[C[C[C[C[Co_part1.log ~/eltex_module1_practice1_clone/eltex_module1_practice1/module2/task1[A]0;root@eltex-practice2-pg2-v16: ~/eltex_module1_practice1_clone/eltex_module1_practice1root@eltex-practice2-pg2-v16:~/eltex_module1_practice1_clone/eltex_module1_practice1# [C[C[C[C[C[C[C[C[C[C[C[C[C[C[C[C[C[Ct_part1.log ~/eltex_module1_practice1_clone/eltex_module1_practice1/module2/task1[A]0;root@eltex-practice2-pg2-v16: ~/eltex_module1_practice1_clone/eltex_module1_practice1root@eltex-practice2-pg2-v16:~/eltex_module1_practice1_clone/eltex_module1_practice1# [C[C[C[C[C[C[C[C[C[C[C[C[C[C[C[C[C[C[C

[?2004l[?2004h]0;root@eltex-practice2-pg2-v16: ~/eltex_module1_practice1_clone/eltex_module1_practice1root@eltex-practice2-pg2-v16:~/eltex_module1_practice1_clone/eltex_module1_practice1# mv ~/practice2_root_part1.log ~/eltex_module1_practice1_clone/eltex_module1_practice1/module2/task1[A]0;root@eltex-practice2-pg2-v16: ~/eltex_module1_practice1_clone/eltex_module1_practice1root@eltex-practice2-pg2-v16:~/eltex_module1_practice1_clone/eltex_module1_practice1# [C[C[C[C[C[C[C[C[C[C[C[C[C[C[Celtex-pg2-v16_part1.log ~/eltex_module1_practice1_clone/eltex_module1_practice1/module2/task1[A[C[C[C[C[C[C[C[C[C[C[C[C[C[C[C[C[C[C[C[C[C[C[C[C[C[C[C[C[C[C[C[C[C[C[C[C[C[C[C[C[C[C[C[C[C[C[C[C[C[C[C[C[C[C[C[C[C[C[C[C[C[C[C[C[C[C[C[C[C[C[C[C[C[C[C[C[C[C[C[C[C[C[C[C[C[C[C[C[C[C[C[C[C[C[C[C[C[C[C[C[C[C[C[C[C[C[C[C[C[C[C[C[C[C[C[C[C[C[C[C[C[C[C[C[C[C[C[C[C[Cpg2-v16_part1.log ~/e[1Pltex_module1_practice1_clone/eltex_module1_practice1/module2/task1[A]0;root@eltex-practice2-pg2-v16: ~/eltex_module1_practice1_clone/eltex_module1_practice1root@eltex-practice2-pg2-v16:~/eltex_module1_practice1_clone/eltex_module1_practice1# [C[C[C[C[C[C[C[C[C[C[C[C[C[C[C[C[C[C[C[Cpg2-v16_part1.log ~/el[1Ptex_module1_practice1_clone/eltex_module1_practice1/module2/task1[A]0;root@eltex-practice2-pg2-v16: ~/eltex_module1_practice1_clone/eltex_module1_practice1root@eltex-practice2-pg2-v16:~/eltex_module1_practice1_clone/eltex_module1_practice1# [C[C[C[C[C[C[C[C[C[C[C[C[C[C[C[C[C[C[Cpg2-v16_part1.log ~/elt[1Pex_module1_practice1_clone/eltex_module1_practice1/module2/task1[A]0;root@eltex-practice2-pg2-v16: ~/eltex_module1_practice1_clone/eltex_module1_practice1root@eltex-practice2-pg2-v16:~/eltex_module1_practice1_clone/eltex_module1_practice1# [C[C[C[C[C[C[C[C[C[C[C[C[C[C[C[C[C[Cpg2-v16_part1.log ~/elte[1Px_module1_practice1_clone/eltex_module1_practice1/module2/task1[A]0;root@eltex-practice2-pg2-v16: ~/eltex_module1_practice1_clone/eltex_module1_practice1root@eltex-practice2-pg2-v16:~/eltex_module1_practice1_clone/eltex_module1_practice1# [C[C[C[C[C[C[C[C[C[C[C[C[C[C[C[C[Cpg2-v16_part1.log ~/eltex[1P_module1_practice1_clone/eltex_module1_practice1/module2/task1[A]0;root@eltex-practice2-pg2-v16: ~/eltex_module1_practice1_clone/eltex_module1_practice1root@eltex-practice2-pg2-v16:~/eltex_module1_practice1_clone/eltex_module1_practice1# [C[C[C[C[C[C[C[C[C[C[C[C[C[C[C[Cpg2-v16_part1.log ~/eltex_[1Pmodule1_practice1_clone/eltex_module1_practice1/module2/task1[A]0;root@eltex-practice2-pg2-v16: ~/eltex_module1_practice1_clone/eltex_module1_practice1root@eltex-practice2-pg2-v16:~/eltex_module1_practice1_clone/eltex_module1_practice1# [C[C[C[C[C[C[C[C[C[C[C[C[C[C[C

[?2004l[?2004h]0;root@eltex-practice2-pg2-v16: ~/eltex_module1_practice1_clone/eltex_module1_practice1root@eltex-practice2-pg2-v16:~/eltex_module1_practice1_clone/eltex_module1_practice1# mv ~/practice2_pg2-v16_part1.log ~/eltex_module1_practice1_clone/eltex_module1_practice1/module2/task1[A[C[C[C[C[C[C[C[C[C[C[C[C[C[C[C[C[C[C[C[C[C[C[C[C[C[C[C[C[C[C[C[C[C[C[C[C[C[C[C[C[C[C[C[C[C[C[C[C[C[C[C[C[C[C[C[C[C[C[C[C[C[C[C[C[C[C[C[C[C[C[C[C[C[C[C[C[C[C[C[C[C[C[C[C[C[C[C[C[C[C[C[C[C[C[C[C[C[C[C[C[C[C[C[C[C[C[C[C[C[C[C[C[C[C[C[C[C[C[C[C[C[C[C[C[Croot_part1.log ~/eltex_mod[3Pule1_practice1_clone/eltex_module1_practice1/module2/task1[A]0;root@eltex-practice2-pg2-v16: ~/eltex_module1_practice1_clone/eltex_module1_practice1root@eltex-practice2-pg2-v16:~/eltex_module1_practice1_clone/eltex_module1_practice1# [C[C[C[C[C[C[C[C[C[C[C[C[C[C[Celtex-pg2-v16_part1.log ~/eltex_module1_practice1_clone/eltex_module1_practice1/module2/task1[A[C[C[C[C[C[C[C[C[C[C[C[C[C[C[C[C[C[C[C[C[C[C[C[C[C[C[C[C[C[C[C[C[C[C[C[C[C[C[C[C[C[C[C[C[C[C[C[C[C[C[C[C[C[C[C[C[C[C[C[C[C[C[C[C[C[C[C[C[C[C[C[C[C[C[C[C[C[C[C[C[C[C[C[C[C[C[C[C[C[C[C[C[C[C[C[C[C[C[C[C[C[C[C[C[C[C[C[C[C[C[C[C[C[C[C[C[C[C[C[C[C[C[C[C[C[C[C[C[C[C[C[C[C.log ~/e[1Pltex_module1_practice1_clone/eltex_module1_practice1/module2/task1[A]0;root@eltex-practice2-pg2-v16: ~/eltex_module1_practice1_clone/eltex_module1_practice1root@eltex-practice2-pg2-v16:~/eltex_module1_practice1_clone/eltex_module1_practice1# [C[C[C[C[C[C[C[C[C[C[C[C[C[C[C[C[C[C[C[C[C[C[C[C[C[C[C[C[C[C[C[C[C2.log ~/eltex_module1_practice1_clone/eltex_module1_practice1/module2/task1[A]0;root@eltex-practice2-pg2-v16: ~/eltex_module1_practice1_clone/eltex_module1_practice1root@eltex-practice2-pg2-v16:~/eltex_module1_practice1_clone/eltex_module1_practice1# [C[C[C[C[C[C[C[C[C[C[C[C[C[C[C[C[C[C[C[C[C[C[C[C[C[C[C[C[C[C[C[C[C[C
[C[C[C[C[C[C[C[C[C[C[C[C[C[C[C[C[C[C[C[C[C[C[C[C[C[C[C[C[C[C[C[C[C[C[C[C[C[C[C[C[C[C[C[C[C[C[C[C[C[C[C[C[C[C[C[C[C[C[C[C[C[C[C[C[C[C[C[C[C[C[C[C[C[C[C[C[C[C[C[C[C[K2
[?2004l[?2004h]0;root@eltex-practice2-pg2-v16: ~/eltex_module1_practice1_clone/eltex_module1_practice1root@eltex-practice2-pg2-v16:~/eltex_module1_practice1_clone/eltex_module1_practice1# mv ~/practice2_eltex-pg2-v16_part2.log ~/eltex_module1_practice1_clone/eltex_module1_practice1/module2/task2[K3[A[C[C[C[C[C[C[C[C[C[C[C[C[C[C[C[C[C[C[C[C[C[C[C[C[C[C[C[C[C[C[C[C[C[C[C[C[C[C[C[C[C[C[C[C[C[C[C[C[C[C[C[C[C[C[C[C[C[C[C[C[C[C[C[C[C[C[C[C[C[C[C[C[C[C[C[C[C[C[C[C[C[C[C[C[C[C[C[C[C[C[C[C[C[C[C[C[C[C[C[C[C[C[C[C[C[C[C[C[C[C[C[C[C[C[C[C[C[C[C[C[C[C[C[C[C[C[C[C[C[C[C[C[C[C[C[C[C.log ~/e[1Pltex_module1_practice1_clone/eltex_module1_practice1/module2/task3[A]0;root@eltex-practice2-pg2-v16: ~/eltex_module1_practice1_clone/eltex_module1_practice1root@eltex-practice2-pg2-v16:~/eltex_module1_practice1_clone/eltex_module1_practice1# [C[C[C[C[C[C[C[C[C[C[C[C[C[C[C[C[C[C[C[C[C[C[C[C[C[C[C[C[C[C[C[C[C3.log ~/eltex_module1_practice1_clone/eltex_module1_practice1/module2/task3[A]0;root@eltex-practice2-pg2-v16: ~/eltex_module1_practice1_clone/eltex_module1_practice1root@eltex-practice2-pg2-v16:~/eltex_module1_practice1_clone/eltex_module1_practice1# [C[C[C[C[C[C[C[C[C[C[C[C[C[C[C[C[C[C[C[C[C[C[C[C[C[C[C[C[C[C[C[C[C[C

[?2004l[?2004h]0;root@eltex-practice2-pg2-v16: ~/eltex_module1_practice1_clone/eltex_module1_practice1root@eltex-practice2-pg2-v16:~/eltex_module1_practice1_clone/eltex_module1_practice1# mv ~/practice2_eltex-pg2-v16_part3.log ~/eltex_module1_practice1_clone/eltex_module1_practice1/module2/task3[A[C[C[C[C[C[C[C[C[C[C[C[C[C[C[C[C[C[C[C[C[C[C[C[C[C[C[C[C[C[C[C[C[C[C[C[C[C[C[C[C[C[C[C[C[C[C[C[C[C[C[C[C[C[C[C[C[C[C[C[C[C[C[C[C[C[C[C[C[C[C[C[C[C[C[C[C[C[C[C[C[C[C[C[C[C[C[C[C[C[C[C[C[C[C[C[C[C[C[C[C[C[C[C[C[C[C[C[C[C[C[C[C[C[C[C[C[C[C[C[C[C[C[C[C[C[C[C[C[C[C[C[C[C-.log ~/eltex_module1_practice1_clone/eltex_module1_practice1/module2/task3[A]0;root@eltex-practice2-pg2-v16: ~/eltex_module1_practice1_clone/eltex_module1_practice1root@eltex-practice2-pg2-v16:~/eltex_module1_practice1_clone/eltex_module1_practice1# [C[C[C[C[C[C[C[C[C[C[C[C[C[C[C[C[C[C[C[C[C[C[C[C[C[C[C[C[C[C[C[C[C[C[C2.log ~/eltex_module1_practice1_clone/eltex_module1_practice1/module2/task3[A]0;root@eltex-practice2-pg2-v16: ~/eltex_module1_practice1_clone/eltex_module1_practice1root@eltex-practice2-pg2-v16:~/eltex_module1_practice1_clone/eltex_module1_practice1# [C[C[C[C[C[C[C[C[C[C[C[C[C[C[C[C[C[C[C[C[C[C[C[C[C[C[C[C[C[C[C[C[C[C[C[C

[?2004l[?2004h]0;root@eltex-practice2-pg2-v16: ~/eltex_module1_practice1_clone/eltex_module1_practice1root@eltex-practice2-pg2-v16:~/eltex_module1_practice1_clone/eltex_module1_practice1# mv ~/practice2_eltex-pg2-v16_part3-2.log ~/eltex_module1_practice1_clone/eltex_module1_practice1/module2/task3[A[C[C[C[C[C[C[C[C[C[C[C[C[C[C[C[C[C[C[C[C[C[C[C[C[C[C[C[C[C[C[C[C[C[C[C[C[C[C[C[C[C[C[C[C[C[C[C[C[C[C[C[C[C[C[C[C[C[C[C[C[C[C[C[C[C[C[C[C[C[C[C[C[C[C[C[C[C[C[C[C[C[C[C[C[C[C[C[C[C[C[C[C[C[C[C[C[C[C[C[C[C[C[C[C[C[C[C[C[C[C[C[C[C[C[C[C[C[C[C[C[C[C[C[C[C[C[C[C[C[C[C[C[C.log ~[1P/eltex_module1_practice1_clone/eltex_module1_practice1/module2/task3[A]0;root@eltex-practice2-pg2-v16: ~/eltex_module1_practice1_clone/eltex_module1_practice1root@eltex-practice2-pg2-v16:~/eltex_module1_practice1_clone/eltex_module1_practice1# [C[C[C[C[C[C[C[C[C[C[C[C[C[C[C[C[C[C[C[C[C[C[C[C[C[C[C[C[C[C[C[C[C[C[C3.log ~/eltex_module1_practice1_clone/eltex_module1_practice1/module2/task3[A]0;root@eltex-practice2-pg2-v16: ~/eltex_module1_practice1_clone/eltex_module1_practice1root@eltex-practice2-pg2-v16:~/eltex_module1_practice1_clone/eltex_module1_practice1# [C[C[C[C[C[C[C[C[C[C[C[C[C[C[C[C[C[C[C[C[C[C[C[C[C[C[C[C[C[C[C[C[C[C[C[C

[?2004l[?2004h]0;root@eltex-practice2-pg2-v16: ~/eltex_module1_practice1_clone/eltex_module1_practice1root@eltex-practice2-pg2-v16:~/eltex_module1_practice1_clone/eltex_module1_practice1# git a[K[K[K[K[Kls
[?2004l[0m[01;34mmodule1[0m  [01;34mmodule2[0m  README.md
[?2004h]0;root@eltex-practice2-pg2-v16: ~/eltex_module1_practice1_clone/eltex_module1_practice1root@eltex-practice2-pg2-v16:~/eltex_module1_practice1_clone/eltex_module1_practice1# git add module2/task1/[K/practice2_eltex-pg2-v16_part1.log 
[?2004l[?2004h]0;root@eltex-practice2-pg2-v16: ~/eltex_module1_practice1_clone/eltex_module1_practice1root@eltex-practice2-pg2-v16:~/eltex_module1_practice1_clone/eltex_module1_practice1# git add module2/task1/practice2_eltex-pg2-v16_part1.log [A[C[C[C[C[C[C[C[C[C[C[C[C[C[C[C[C[C[C[C[C[C[C[C[C[C[C[C[C[C[C[C[C[C[C[C[C[C[C[C[C[C[C[C[C[C[C[C[C[C[C[C[C[C[C[C[C[C[C[C[C[C[C[C[C[C[C[C[C[C[C[C[C[C[C[C[C[C[C[C[C[C[C[C[C[C[C[C[C[C[C[C[C[C[C[C[C[C[C[C[C[C[C[C[C[C[C[C[C[C[C[C[C[C[C[C[C[C[C[C[C[C[C[C[C[C[C[Cpg2-[1P[A]0;root@eltex-practice2-pg2-v16: ~/eltex_module1_practice1_clone/eltex_module1_practice1root@eltex-practice2-pg2-v16:~/eltex_module1_practice1_clone/eltex_module1_practice1# [C[C[C[C[C[C[C[C[C[C[C[C[C[C[C[C[C[C[C[C[C[C[C[C[C[C[C[C[C[C[C[C[C[C[C[C[Cpg2-v[1P[A]0;root@eltex-practice2-pg2-v16: ~/eltex_module1_practice1_clone/eltex_module1_practice1root@eltex-practice2-pg2-v16:~/eltex_module1_practice1_clone/eltex_module1_practice1# [C[C[C[C[C[C[C[C[C[C[C[C[C[C[C[C[C[C[C[C[C[C[C[C[C[C[C[C[C[C[C[C[C[C[C[Cpg2-v1[1P[A]0;root@eltex-practice2-pg2-v16: ~/eltex_module1_practice1_clone/eltex_module1_practice1root@eltex-practice2-pg2-v16:~/eltex_module1_practice1_clone/eltex_module1_practice1# [C[C[C[C[C[C[C[C[C[C[C[C[C[C[C[C[C[C[C[C[C[C[C[C[C[C[C[C[C[C[C[C[C[C[Cpg2-v16[1P[A]0;root@eltex-practice2-pg2-v16: ~/eltex_module1_practice1_clone/eltex_module1_practice1root@eltex-practice2-pg2-v16:~/eltex_module1_practice1_clone/eltex_module1_practice1# [C[C[C[C[C[C[C[C[C[C[C[C[C[C[C[C[C[C[C[C[C[C[C[C[C[C[C[C[C[C[C[C[C[Cpg2-v16_[1P[A]0;root@eltex-practice2-pg2-v16: ~/eltex_module1_practice1_clone/eltex_module1_practice1root@eltex-practice2-pg2-v16:~/eltex_module1_practice1_clone/eltex_module1_practice1# [C[C[C[C[C[C[C[C[C[C[C[C[C[C[C[C[C[C[C[C[C[C[C[C[C[C[C[C[C[C[C[C[Cpg2-v16_p[1P[A]0;root@eltex-practice2-pg2-v16: ~/eltex_module1_practice1_clone/eltex_module1_practice1root@eltex-practice2-pg2-v16:~/eltex_module1_practice1_clone/eltex_module1_practice1# [C[C[C[C[C[C[C[C[C[C[C[C[C[C[C[C[C[C[C[C[C[C[C[C[C[C[C[C[C[C[C[C

[?2004l[?2004h]0;root@eltex-practice2-pg2-v16: ~/eltex_module1_practice1_clone/eltex_module1_practice1root@eltex-practice2-pg2-v16:~/eltex_module1_practice1_clone/eltex_module1_practice1# git add module2/task1/practice2_pg2-v16_part1.log [A[C[C[C[C[C[C[C[C[C[C[C[C[C[C[C[C[C[C[C[C[C[C[C[C[C[C[C[C[C[C[C[C[C[C[C[C[C[C[C[C[C[C[C[C[C[C[C[C[C[C[C[C[C[C[C[C[C[C[C[C[C[C[C[C[C[C[C[C[C[C[C[C[C[C[C[C[C[C[C[C[C[C[C[C[C[C[C[C[C[C[C[C[C[C[C[C[C[C[C[C[C[C[C[C[C[C[C[C[C[C[C[C[C[C[C[C[C[C[C[C[C[C[C[C[C6_pa[1P[A]0;root@eltex-practice2-pg2-v16: ~/eltex_module1_practice1_clone/eltex_module1_practice1root@eltex-practice2-pg2-v16:~/eltex_module1_practice1_clone/eltex_module1_practice1# [C[C[C[C[C[C[C[C[C[C[C[C[C[C[C[C[C[C[C[C[C[C[C[C[C[C[C[C[C[C[C[C[C[C[C[C[C6_par[1P[A]0;root@eltex-practice2-pg2-v16: ~/eltex_module1_practice1_clone/eltex_module1_practice1root@eltex-practice2-pg2-v16:~/eltex_module1_practice1_clone/eltex_module1_practice1# [C[C[C[C[C[C[C[C[C[C[C[C[C[C[C[C[C[C[C[C[C[C[C[C[C[C[C[C[C[C[C[C[C[C[C[C6_part[1P[A]0;root@eltex-practice2-pg2-v16: ~/eltex_module1_practice1_clone/eltex_module1_practice1root@eltex-practice2-pg2-v16:~/eltex_module1_practice1_clone/eltex_module1_practice1# [C[C[C[C[C[C[C[C[C[C[C[C[C[C[C[C[C[C[C[C[C[C[C[C[C[C[C[C[C[C[C[C[C[C[C6_part1[1P[A]0;root@eltex-practice2-pg2-v16: ~/eltex_module1_practice1_clone/eltex_module1_practice1root@eltex-practice2-pg2-v16:~/eltex_module1_practice1_clone/eltex_module1_practice1# [C[C[C[C[C[C[C[C[C[C[C[C[C[C[C[C[C[C[C[C[C[C[C[C[C[C[C[C[C[C[C[C[C[C[C_part1.[1P[A]0;root@eltex-practice2-pg2-v16: ~/eltex_module1_practice1_clone/eltex_module1_practice1root@eltex-practice2-pg2-v16:~/eltex_module1_practice1_clone/eltex_module1_practice1# [C[C[C[C[C[C[C[C[C[C[C[C[C[C[C[C[C[C[C[C[C[C[C[C[C[C[C[C[C[C[C[C[C[C_part1.l[1P[A]0;root@eltex-practice2-pg2-v16: ~/eltex_module1_practice1_clone/eltex_module1_practice1root@eltex-practice2-pg2-v16:~/eltex_module1_practice1_clone/eltex_module1_practice1# [C[C[C[C[C[C[C[C[C[C[C[C[C[C[C[C[C[C[C[C[C[C[C[C[C[C[C[C[C[C[C[C[C_part1.lo[1P[A]0;root@eltex-practice2-pg2-v16: ~/eltex_module1_practice1_clone/eltex_module1_practice1root@eltex-practice2-pg2-v16:~/eltex_module1_practice1_clone/eltex_module1_practice1# [C[C[C[C[C[C[C[C[C[C[C[C[C[C[C[C[C[C[C[C[C[C[C[C[C[C[C[C[C[C[C[Cr_part1.l[1@o[A]0;root@eltex-practice2-pg2-v16: ~/eltex_module1_practice1_clone/eltex_module1_practice1root@eltex-practice2-pg2-v16:~/eltex_module1_practice1_clone/eltex_module1_practice1# [C[C[C[C[C[C[C[C[C[C[C[C[C[C[C[C[C[C[C[C[C[C[C[C[C[C[C[C[C[C[C[C[Co_part1.[1@l[A]0;root@eltex-practice2-pg2-v16: ~/eltex_module1_practice1_clone/eltex_module1_practice1root@eltex-practice2-pg2-v16:~/eltex_module1_practice1_clone/eltex_module1_practice1# [C[C[C[C[C[C[C[C[C[C[C[C[C[C[C[C[C[C[C[C[C[C[C[C[C[C[C[C[C[C[C[C[C[Co_part1[1@.[A]0;root@eltex-practice2-pg2-v16: ~/eltex_module1_practice1_clone/eltex_module1_practice1root@eltex-practice2-pg2-v16:~/eltex_module1_practice1_clone/eltex_module1_practice1# [C[C[C[C[C[C[C[C[C[C[C[C[C[C[C[C[C[C[C[C[C[C[C[C[C[C[C[C[C[C[C[C[C[C[Ct_part[1@1[A]0;root@eltex-practice2-pg2-v16: ~/eltex_module1_practice1_clone/eltex_module1_practice1root@eltex-practice2-pg2-v16:~/eltex_module1_practice1_clone/eltex_module1_practice1# [C[C[C[C[C[C[C[C[C[C[C[C[C[C[C[C[C[C[C[C[C[C[C[C[C[C[C[C[C[C[C[C[C[C[C[C

[?2004l[?2004h]0;root@eltex-practice2-pg2-v16: ~/eltex_module1_practice1_clone/eltex_module1_practice1root@eltex-practice2-pg2-v16:~/eltex_module1_practice1_clone/eltex_module1_practice1# git add module2/task2/practice2_eltex-pg2-v16_part2.log 
[?2004l[?2004h]0;root@eltex-practice2-pg2-v16: ~/eltex_module1_practice1_clone/eltex_module1_practice1root@eltex-practice2-pg2-v16:~/eltex_module1_practice1_clone/eltex_module1_practice1# git add module2/task2/practice2_eltex-pg2-v16_part2.log [C[K[K[K[K[K[K[K[K[K[K[K[K[K[K[K[K[A[C[C[C[C[C[C[C[C[C[C[C[C[C[C[C[C[C[C[C[C[C[C[C[C[C[C[C[C[C[C[C[C[C[C[C[C[C[C[C[C[C[C[C[C[C[C[C[C[C[C[C[C[C[C[C[C[C[C[C[C[C[C[C[C[C[C[C[C[C[C[C[C[C[C[C[C[C[C[C[C[C[C[C[C[C[C[C[C[C[C[C[C[C[C[C[C[C[C[C[C[C[C[C[C[C[C[C[C[C[C[C[C[C[C[C[C[C[C[C[C[C[C[C[C[C[K
[K[A[C[C[C[C[C[C[C[C[C[C[C[C[C[C[C[C[C[C[C[C[C[C[C[C[C[C[C[C[C[C[C[C[C[C[C[C[C[C[C[C[C[C[C[C[C[C[C[C[C[C[C[C[C[C[C[C[C[C[C[C[C[C[C[C[C[C[C[C[C[C[C[C[C[C[C[C[C[C[C[C[C[C[C[C[C[C[C[C[C[C[C[C[C[C[C[C[C[C[C[C[C[C[C[C[C[C[C[C[C[C[C[C[C[C[C[C[C[C[C[C[C[C[C[C[C[K[K[K[K[K[K[K[K[K[K[K[K[K[K[K[K[K[K[K3/practice2_eltex-pg2-v16_part3.log 
[?2004l[?2004h]0;root@eltex-practice2-pg2-v16: ~/eltex_module1_practice1_clone/eltex_module1_practice1root@eltex-practice2-pg2-v16:~/eltex_module1_practice1_clone/eltex_module1_practice1# git add module2/task3/practice2_eltex-pg2-v16_part3.log [K[K[K[K[K-2.log 
[?2004l[?2004h]0;root@eltex-practice2-pg2-v16: ~/eltex_module1_practice1_clone/eltex_module1_practice1root@eltex-practice2-pg2-v16:~/eltex_module1_practice1_clone/eltex_module1_practice1# git add module2/task3/practice2_eltex-pg2-v16_part3-2.log [K[K[K[K[K[K3.log 
[?2004l